// Jest Snapshot v1, https://goo.gl/fbAQLP

exports[`should render Animation correctly 1`] = `<Connect(Canvas) />`;
