// Jest Snapshot v1, https://goo.gl/fbAQLP

exports[`should render Canvas correctly 1`] = `
<Connect(PureCanvas)
  contextRef={[Function]}
/>
`;
