// Jest Snapshot v1, https://goo.gl/fbAQLP

exports[`should render PureCanvas correctly 1`] = `
<canvas
  height={800}
  onClick={[Function]}
  onMouseMove={[Function]}
  width={800}
/>
`;
